Isp: 
Is_proxy: No
Region: California
City: Mountain View
Latitude: 37.42301
Postal: 94043
Asn: AS15169
Is_mobile: No
Is_hosting: No
Ip: 8.8.8.8
Country: United States
Longitude: -122.083352
Timezone: America/Los_Angeles
